edu/ucsb/cs156/example/controllers/HelpRequestsController.class
edu/ucsb/cs156/example/config/OpenAPIConfig.class
edu/ucsb/cs156/example/entities/Article.class
edu/ucsb/cs156/example/services/CurrentUserService.class
edu/ucsb/cs156/example/entities/UCSBOrganization$UCSBOrganizationBuilder.class
edu/ucsb/cs156/example/repositories/ArticleRepository.class
edu/ucsb/cs156/example/entities/User$UserBuilder.class
edu/ucsb/cs156/example/config/SecurityConfig.class
edu/ucsb/cs156/example/errors/EntityNotFoundException.class
edu/ucsb/cs156/example/controllers/MenuItemReviewController.class
edu/ucsb/cs156/example/config/CsrfCookieFilter.class
edu/ucsb/cs156/example/controllers/FrontendProxyController.class
edu/ucsb/cs156/example/repositories/HelpRequestRepository.class
edu/ucsb/cs156/example/models/SystemInfo$SystemInfoBuilder.class
edu/ucsb/cs156/example/repositories/UserRepository.class
edu/ucsb/cs156/example/aop/LoggingAspect.class
edu/ucsb/cs156/example/services/wiremock/WiremockServiceImpl.class
edu/ucsb/cs156/example/repositories/UCSBDiningCommonsRepository.class
edu/ucsb/cs156/example/repositories/UCSBDateRepository.class
edu/ucsb/cs156/example/services/wiremock/WiremockService.class
edu/ucsb/cs156/example/repositories/RestaurantRepository.class
edu/ucsb/cs156/example/ExampleApplication.class
edu/ucsb/cs156/example/services/SystemInfoService.class
edu/ucsb/cs156/example/entities/UCSBDate.class
edu/ucsb/cs156/example/services/wiremock/WiremockServiceDummy.class
edu/ucsb/cs156/example/controllers/SystemInfoController.class
edu/ucsb/cs156/example/controllers/UserInfoController.class
edu/ucsb/cs156/example/entities/UCSBDate$UCSBDateBuilder.class
edu/ucsb/cs156/example/services/SystemInfoServiceImpl.class
edu/ucsb/cs156/example/models/CurrentUser.class
edu/ucsb/cs156/example/controllers/UCSBDatesController.class
edu/ucsb/cs156/example/services/GrantedAuthoritiesService.class
edu/ucsb/cs156/example/entities/MenuItemReview$MenuItemReviewBuilder.class
edu/ucsb/cs156/example/controllers/ApiController.class
edu/ucsb/cs156/example/entities/MenuItemReview.class
edu/ucsb/cs156/example/controllers/UsersController.class
edu/ucsb/cs156/example/entities/HelpRequest$HelpRequestBuilder.class
edu/ucsb/cs156/example/entities/UCSBOrganization.class
edu/ucsb/cs156/example/controllers/RestaurantsController.class
META-INF/spring-configuration-metadata.json
edu/ucsb/cs156/example/repositories/UCSBOrganizationRepository.class
edu/ucsb/cs156/example/services/CurrentUserServiceImpl.class
edu/ucsb/cs156/example/repositories/MenuItemReviewRepository.class
edu/ucsb/cs156/example/models/SystemInfo.class
edu/ucsb/cs156/example/controllers/CSRFController.class
edu/ucsb/cs156/example/config/SpaCsrfTokenRequestHandler.class
edu/ucsb/cs156/example/controllers/UCSBDiningCommonsController.class
edu/ucsb/cs156/example/entities/Restaurant$RestaurantBuilder.class
edu/ucsb/cs156/example/entities/Article$ArticleBuilder.class
edu/ucsb/cs156/example/models/CurrentUser$CurrentUserBuilder.class
edu/ucsb/cs156/example/controllers/ArticlesController.class
edu/ucsb/cs156/example/entities/UCSBDiningCommons.class
edu/ucsb/cs156/example/entities/User.class
edu/ucsb/cs156/example/controllers/FrontendController.class
edu/ucsb/cs156/example/entities/Restaurant.class
edu/ucsb/cs156/example/entities/HelpRequest.class
edu/ucsb/cs156/example/controllers/UCSBOrganizationController.class
edu/ucsb/cs156/example/entities/UCSBDiningCommons$UCSBDiningCommonsBuilder.class
