/Users/eugenewong/Documents/cs156/team01-f24-07/src/test/java/edu/ucsb/cs156/example/ControllerTestCase.java
/Users/eugenewong/Documents/cs156/team01-f24-07/src/test/java/edu/ucsb/cs156/example/WebTestCase.java
/Users/eugenewong/Documents/cs156/team01-f24-07/src/test/java/edu/ucsb/cs156/example/controllers/ArticlesControllerTests.java
/Users/eugenewong/Documents/cs156/team01-f24-07/src/test/java/edu/ucsb/cs156/example/controllers/CSRFControllerTests.java
/Users/eugenewong/Documents/cs156/team01-f24-07/src/test/java/edu/ucsb/cs156/example/controllers/HelpRequestControllerTests.java
/Users/eugenewong/Documents/cs156/team01-f24-07/src/test/java/edu/ucsb/cs156/example/controllers/MenuItemReviewControllerTests.java
/Users/eugenewong/Documents/cs156/team01-f24-07/src/test/java/edu/ucsb/cs156/example/controllers/RestaurantsControllerTests.java
/Users/eugenewong/Documents/cs156/team01-f24-07/src/test/java/edu/ucsb/cs156/example/controllers/SystemInfoControllerTests.java
/Users/eugenewong/Documents/cs156/team01-f24-07/src/test/java/edu/ucsb/cs156/example/controllers/UCSBDatesControllerTests.java
/Users/eugenewong/Documents/cs156/team01-f24-07/src/test/java/edu/ucsb/cs156/example/controllers/UCSBDiningCommonsControllerTests.java
/Users/eugenewong/Documents/cs156/team01-f24-07/src/test/java/edu/ucsb/cs156/example/controllers/UCSBOrganizationControllerTests.java
/Users/eugenewong/Documents/cs156/team01-f24-07/src/test/java/edu/ucsb/cs156/example/controllers/UserInfoControllerTests.java
/Users/eugenewong/Documents/cs156/team01-f24-07/src/test/java/edu/ucsb/cs156/example/controllers/UsersControllerTests.java
/Users/eugenewong/Documents/cs156/team01-f24-07/src/test/java/edu/ucsb/cs156/example/integration/RestaurantIT.java
/Users/eugenewong/Documents/cs156/team01-f24-07/src/test/java/edu/ucsb/cs156/example/services/CurrentUserServiceTests.java
/Users/eugenewong/Documents/cs156/team01-f24-07/src/test/java/edu/ucsb/cs156/example/services/SystemInfoServiceImplTests.java
/Users/eugenewong/Documents/cs156/team01-f24-07/src/test/java/edu/ucsb/cs156/example/testconfig/MockCurrentUserServiceImpl.java
/Users/eugenewong/Documents/cs156/team01-f24-07/src/test/java/edu/ucsb/cs156/example/testconfig/TestConfig.java
/Users/eugenewong/Documents/cs156/team01-f24-07/src/test/java/edu/ucsb/cs156/example/web/HomePageWebIT.java
/Users/eugenewong/Documents/cs156/team01-f24-07/src/test/java/edu/ucsb/cs156/example/web/OauthWebIT.java
/Users/eugenewong/Documents/cs156/team01-f24-07/src/test/java/edu/ucsb/cs156/example/web/SwaggerWebIT.java
